#
# There is insufficient memory for the Java Runtime Environment to continue.
# Native memory allocation (mmap) failed to map 257949696 bytes. Error detail: G1 virtual space
# Possible reasons:
#   The system is out of physical RAM or swap space
#   This process is running with CompressedOops enabled, and the Java Heap may be blocking the growth of the native heap
# Possible solutions:
#   Reduce memory load on the system
#   Increase physical memory or swap space
#   Check if swap backing store is full
#   Decrease Java heap size (-Xmx/-Xms)
#   Decrease number of Java threads
#   Decrease Java thread stack sizes (-Xss)
#   Set larger code cache with -XX:ReservedCodeCacheSize=
#   JVM is running with Zero Based Compressed Oops mode in which the Java heap is
#     placed in the first 32GB address space. The Java Heap base address is the
#     maximum limit for the native heap growth. Please use -XX:HeapBaseMinAddress
#     to set the Java Heap base and to place the Java Heap above 32GB virtual address.
# This output file may be truncated or incomplete.
#
#  Out of Memory Error (os_windows.cpp:3828), pid=1872, tid=9468
#
# JRE version:  (21.0.5) (build )
# Java VM: OpenJDK 64-Bit Server VM (21.0.5+-12932927-b750.29, mixed mode, sharing, tiered, compressed oops, compressed class ptrs, g1 gc, windows-amd64)
# No core dump will be written. Minidumps are not enabled by default on client versions of Windows
#

---------------  S U M M A R Y ------------

Command Line: org.jetbrains.kotlin.cli.jvm.K2JVMCompiler @D:\Md_StoneTrack\app\build\20250405_2630926723636784257.compiler.options

Host: AMD Ryzen 5 5500U with Radeon Graphics         , 12 cores, 15G,  Windows 11 , 64 bit Build 26100 (10.0.26100.3624)
Time: Sat Apr  5 18:43:10 2025 RTZ 2 (s 11 , 64 bit Build 26100 (10.0.26100.3624) elapsed time: 2.045717 seconds (0d 0h 0m 2s)

---------------  T H R E A D  ---------------

Current thread (0x000001a26b515d00):  JavaThread "Unknown thread" [_thread_in_vm, id=9468, stack(0x0000007c1ce00000,0x0000007c1cf00000) (1024K)]

Stack: [0x0000007c1ce00000,0x0000007c1cf00000]
Native frames: (J=compiled Java code, j=interpreted, Vv=VM code, C=native code)
V  [jvm.dll+0x6cfb29]
V  [jvm.dll+0x85ded3]
V  [jvm.dll+0x86042e]
V  [jvm.dll+0x860b13]
V  [jvm.dll+0x27e6b6]
V  [jvm.dll+0x6cc385]
V  [jvm.dll+0x6c078a]
V  [jvm.dll+0x35525b]
V  [jvm.dll+0x35ceb6]
V  [jvm.dll+0x3aedd6]
V  [jvm.dll+0x3af0a8]
V  [jvm.dll+0x32792c]
V  [jvm.dll+0x32861b]
V  [jvm.dll+0x825919]
V  [jvm.dll+0x3bbfa8]
V  [jvm.dll+0x80ec88]
V  [jvm.dll+0x45015e]
V  [jvm.dll+0x4518c1]
C  [jli.dll+0x52ab]
C  [ucrtbase.dll+0x37b0]
C  [KERNEL32.DLL+0x2e8d7]
C  [ntdll.dll+0xb14fc]


---------------  P R O C E S S  ---------------

Threads class SMR info:
_java_thread_list=0x00007fffd82f0808, length=0, elements={
}

Java Threads: ( => current thread )
Total: 0

Other Threads:
  0x000001a26d97f210 WorkerThread "GC Thread#0"                     [id=3348, stack(0x0000007c1cf00000,0x0000007c1d000000) (1024K)]
  0x000001a26d98ff80 ConcurrentGCThread "G1 Main Marker"            [id=22416, stack(0x0000007c1d000000,0x0000007c1d100000) (1024K)]
  0x000001a26d9918c0 WorkerThread "G1 Conc#0"                       [id=20816, stack(0x0000007c1d100000,0x0000007c1d200000) (1024K)]

[error occurred during error reporting (printing all threads), id 0xc0000005, EXCEPTION_ACCESS_VIOLATION (0xc0000005) at pc=0x00007fffd7aea967]
VM state: not at safepoint (not fully initialized)

VM Mutex/Monitor currently owned by a thread:  ([mutex/lock_event])
[0x00007fffd835d460] Heap_lock - owner thread: 0x000001a26b515d00

Heap address: 0x000000070a800000, size: 3928 MB, Compressed Oops mode: Zero based, Oop shift amount: 3

CDS archive(s) mapped at: [0x0000000000000000-0x0000000000000000-0x0000000000000000), size 0, SharedBaseAddress: 0x0000000800000000, ArchiveRelocationMode: 1.
Narrow klass base: 0x0000000000000000, Narrow klass shift: 0, Narrow klass range: 0x0

GC Precious Log:
 CardTable entry size: 512
 Card Set container configuration: InlinePtr #cards 4 size 8 Array Of Cards #cards 16 size 48 Howl #buckets 8 coarsen threshold 3686 Howl Bitmap #cards 512 size 80 coarsen threshold 460 Card regions per heap region 1 cards per card region 4096

Heap:
 garbage-first heap   total 0K, used 0K [0x000000070a800000, 0x0000000800000000)
  region size 2048K, 0 young (0K), 0 survivors (0K)
 Metaspace       used 0K, committed 0K, reserved 0K
  class space    used 0K, committed 0K, reserved 0K

Heap Regions: E=young(eden), S=young(survivor), O=old, HS=humongous(starts), HC=humongous(continues), CS=collection set, F=free, TAMS=top-at-mark-start, PB=parsable bottom

Card table byte_map: [0x000001a2007b0000,0x000001a200f60000] _byte_map_base: 0x000001a1fcf5c000

Marking Bits: (CMBitMap*) 0x000001a26d980120
 Bits: [0x000001a200f60000, 0x000001a204cc0000)

GC Heap History (0 events):
No events

Dll operation events (1 events):
Event: 0.014 Loaded shared library D:\AndroidStudio\jbr\bin\java.dll

Deoptimization events (0 events):
No events

Classes loaded (0 events):
No events

Classes unloaded (0 events):
No events

Classes redefined (0 events):
No events

Internal exceptions (0 events):
No events

ZGC Phase Switch (0 events):
No events

VM Operations (0 events):
No events

Memory protections (0 events):
No events

Nmethod flushes (0 events):
No events

Events (0 events):
No events


Dynamic libraries:
0x00007ff614c60000 - 0x00007ff614c6a000 	D:\AndroidStudio\jbr\bin\java.exe
0x00007ff8626e0000 - 0x00007ff862940000 	C:\WINDOWS\SYSTEM32\ntdll.dll
0x00007ff861440000 - 0x00007ff861507000 	C:\WINDOWS\System32\KERNEL32.DLL
0x00007ff85fd70000 - 0x00007ff86013b000 	C:\WINDOWS\System32\KERNELBASE.dll
0x00007ff860140000 - 0x00007ff86028b000 	C:\WINDOWS\System32\ucrtbase.dll
0x00007ff8425b0000 - 0x00007ff8425cb000 	D:\AndroidStudio\jbr\bin\VCRUNTIME140.dll
0x00007ff84f410000 - 0x00007ff84f428000 	D:\AndroidStudio\jbr\bin\jli.dll
0x00007ff8611e0000 - 0x00007ff8613ac000 	C:\WINDOWS\System32\USER32.dll
0x00007ff841dd0000 - 0x00007ff842067000 	C:\WINDOWS\WinSxS\amd64_microsoft.windows.common-controls_6595b64144ccf1df_6.0.26100.3624_none_3e086962e3345f24\COMCTL32.dll
0x00007ff860290000 - 0x00007ff8602b7000 	C:\WINDOWS\System32\win32u.dll
0x00007ff861930000 - 0x00007ff8619d9000 	C:\WINDOWS\System32\msvcrt.dll
0x00007ff860680000 - 0x00007ff8606aa000 	C:\WINDOWS\System32\GDI32.dll
0x00007ff85fc30000 - 0x00007ff85fd61000 	C:\WINDOWS\System32\gdi32full.dll
0x00007ff85fb80000 - 0x00007ff85fc23000 	C:\WINDOWS\System32\msvcp_win.dll
0x00007ff8611a0000 - 0x00007ff8611cf000 	C:\WINDOWS\System32\IMM32.DLL
0x00007ff8567d0000 - 0x00007ff8567dc000 	D:\AndroidStudio\jbr\bin\vcruntime140_1.dll
0x00007ff83fab0000 - 0x00007ff83fb3d000 	D:\AndroidStudio\jbr\bin\msvcp140.dll
0x00007fffd77b0000 - 0x00007fffd843a000 	D:\AndroidStudio\jbr\bin\server\jvm.dll
0x00007ff862500000 - 0x00007ff8625b3000 	C:\WINDOWS\System32\ADVAPI32.dll
0x00007ff8625c0000 - 0x00007ff862666000 	C:\WINDOWS\System32\sechost.dll
0x00007ff8615a0000 - 0x00007ff8616b6000 	C:\WINDOWS\System32\RPCRT4.dll
0x00007ff8617d0000 - 0x00007ff861844000 	C:\WINDOWS\System32\WS2_32.dll
0x00007ff84d050000 - 0x00007ff84d086000 	C:\WINDOWS\SYSTEM32\WINMM.dll
0x00007ff852060000 - 0x00007ff85206b000 	C:\WINDOWS\SYSTEM32\VERSION.dll
0x00007ff85f710000 - 0x00007ff85f76e000 	C:\WINDOWS\SYSTEM32\POWRPROF.dll
0x00007ff85f6f0000 - 0x00007ff85f704000 	C:\WINDOWS\SYSTEM32\UMPDC.dll
0x00007ff85e6a0000 - 0x00007ff85e6ba000 	C:\WINDOWS\SYSTEM32\kernel.appcore.dll
0x00007ff852c90000 - 0x00007ff852c9a000 	D:\AndroidStudio\jbr\bin\jimage.dll
0x00007ff85ccc0000 - 0x00007ff85cf01000 	C:\WINDOWS\SYSTEM32\DBGHELP.DLL
0x00007ff861f80000 - 0x00007ff862303000 	C:\WINDOWS\System32\combase.dll
0x00007ff861850000 - 0x00007ff861926000 	C:\WINDOWS\System32\OLEAUT32.dll
0x00007ff8411c0000 - 0x00007ff8411f9000 	C:\WINDOWS\SYSTEM32\dbgcore.DLL
0x00007ff860410000 - 0x00007ff8604a9000 	C:\WINDOWS\System32\bcryptPrimitives.dll
0x00007ff83fa80000 - 0x00007ff83faa0000 	D:\AndroidStudio\jbr\bin\java.dll

dbghelp: loaded successfully - version: 4.0.5 - missing functions: none
symbol engine: initialized successfully - sym options: 0x614 - pdb path: .;D:\AndroidStudio\jbr\bin;C:\WINDOWS\SYSTEM32;C:\WINDOWS\WinSxS\amd64_microsoft.windows.common-controls_6595b64144ccf1df_6.0.26100.3624_none_3e086962e3345f24;D:\AndroidStudio\jbr\bin\server

VM Arguments:
java_command: org.jetbrains.kotlin.cli.jvm.K2JVMCompiler @D:\Md_StoneTrack\app\build\20250405_2630926723636784257.compiler.options
java_class_path (initial): C:\Users\sonyk\.gradle\caches\modules-2\files-2.1\org.jetbrains.kotlin\kotlin-compiler-embeddable\2.0.21\79346ed53db48b18312a472602eb5c057070c54d\kotlin-compiler-embeddable-2.0.21.jar;C:\Users\sonyk\.gradle\caches\modules-2\files-2.1\org.jetbrains.kotlin\kotlin-stdlib\2.0.21\618b539767b4899b4660a83006e052b63f1db551\kotlin-stdlib-2.0.21.jar;C:\Users\sonyk\.gradle\caches\modules-2\files-2.1\org.jetbrains.kotlin\kotlin-script-runtime\2.0.21\c9b044380ad41f89aa89aa896c2d32a8c0b2129d\kotlin-script-runtime-2.0.21.jar;C:\Users\sonyk\.gradle\caches\modules-2\files-2.1\org.jetbrains.kotlin\kotlin-reflect\1.6.10\1cbe9c92c12a94eea200d23c2bbaedaf3daf5132\kotlin-reflect-1.6.10.jar;C:\Users\sonyk\.gradle\caches\modules-2\files-2.1\org.jetbrains.kotlin\kotlin-daemon-embeddable\2.0.21\c9e933b23287de9b5a17e2116b4657bb91aea72c\kotlin-daemon-embeddable-2.0.21.jar;C:\Users\sonyk\.gradle\caches\modules-2\files-2.1\org.jetbrains.intellij.deps\trove4j\1.0.20200330\3afb14d5f9ceb459d724e907a21145e8ff394f02\trove4j-1.0.20200330.jar;C:\Users\sonyk\.gradle\caches\modules-2\files-2.1\org.jetbrains.kotlinx\kotlinx-coroutines-core-jvm\1.6.4\2c997cd1c0ef33f3e751d3831929aeff1390cb30\kotlinx-coroutines-core-jvm-1.6.4.jar;C:\Users\sonyk\.gradle\caches\modules-2\files-2.1\org.jetbrains\annotations\13.0\919f0dfe192fb4e063e7dacadee7f8bb9a2672a9\annotations-13.0.jar
Launcher Type: SUN_STANDARD

[Global flags]
     intx CICompilerCount                          = 4                                         {product} {ergonomic}
     uint ConcGCThreads                            = 3                                         {product} {ergonomic}
     uint G1ConcRefinementThreads                  = 10                                        {product} {ergonomic}
   size_t G1HeapRegionSize                         = 2097152                                   {product} {ergonomic}
    uintx GCDrainStackTargetSize                   = 64                                        {product} {ergonomic}
   size_t InitialHeapSize                          = 257949696                                 {product} {ergonomic}
   size_t MarkStackSize                            = 4194304                                   {product} {ergonomic}
   size_t MaxHeapSize                              = 4118806528                                {product} {ergonomic}
   size_t MinHeapDeltaBytes                        = 2097152                                   {product} {ergonomic}
   size_t MinHeapSize                              = 8388608                                   {product} {ergonomic}
    uintx NonNMethodCodeHeapSize                   = 5839372                                {pd product} {ergonomic}
    uintx NonProfiledCodeHeapSize                  = 122909434                              {pd product} {ergonomic}
    uintx ProfiledCodeHeapSize                     = 122909434                              {pd product} {ergonomic}
    uintx ReservedCodeCacheSize                    = 251658240                              {pd product} {ergonomic}
     bool SegmentedCodeCache                       = true                                      {product} {ergonomic}
   size_t SoftMaxHeapSize                          = 4118806528                             {manageable} {ergonomic}
     bool UseCompressedOops                        = true                           {product lp64_product} {ergonomic}
     bool UseG1GC                                  = true                                      {product} {ergonomic}
     bool UseLargePagesIndividualAllocation        = false                                  {pd product} {ergonomic}

Logging:
Log output configuration:
 #0: stdout all=warning uptime,level,tags foldmultilines=false
 #1: stderr all=off uptime,level,tags foldmultilines=false

Environment Variables:
JAVA_HOME=C:\Program Files\Java\jdk-21
PATH=C:\Program Files\Java\jdk-21\bin;C:\Program Files\Common Files\Oracle\Java\javapath;C:\Program Files (x86)\Common Files\Oracle\Java\java8path;C:\Program Files (x86)\Common Files\Oracle\Java\javapath;C:\ProgramData\Oracle\Java\javapath;C:\WINDOWS\system32;C:\WINDOWS;C:\WINDOWS\System32\Wbem;C:\WINDOWS\System32\WindowsPowerShell\v1.0\;C:\WINDOWS\System32\OpenSSH\;C:\Users\sonyk\Downloads\gradle-7.6.4;C:\Program Files\Java\jdk-20\bin;C:\Users\sonyk\Downloads\platform-tools;D:\ImageMagick-7.1.1-Q16-HDRI;C:\Program Files\WireGuard\;C:\Program Files\nodejs\;C:\gradle-8.11.1\bin;C:\Program Files\Git\cmd;C:\Users\sonyk\AppData\Local\Programs\Python\Python311\Scripts\;C:\Users\sonyk\AppData\Local\Programs\Python\Python311\;C:\Users\sonyk\AppData\Local\Microsoft\WindowsApps;D:\Microsoft VS Code\bin;D:\IntelliJ IDEA Community Edition 2023.1.4\bin;;D:\PyCharm Community Edition 2024.3.4\bin;;C:\Users\sonyk\Downloads\platform-tools;D:\IntelliJ IDEA 2023.3.6\bin;;C:\Users\sonyk\AppData\Local\Microsoft\WinGet\Packages\Schniz.fnm_Microsoft.Winget.Source_8wekyb3d8bbwe;C:\Users\sonyk\AppData\Roaming\npm;
USERNAME=sonyk
OS=Windows_NT
PROCESSOR_IDENTIFIER=AMD64 Family 23 Model 104 Stepping 1, AuthenticAMD
TMP=C:\Users\sonyk\AppData\Local\Temp
TEMP=C:\Users\sonyk\AppData\Local\Temp




Periodic native trim disabled

JNI global refs:
JNI global refs: 0, weak refs: 0

JNI global refs memory usage: 0, weak refs: 0

Process memory usage:
Resident Set Size: 12896K (0% of 16083516K total physical memory with 1671336K free physical memory)

OOME stack traces (most recent first):
Classloader memory used:

---------------  S Y S T E M  ---------------

OS:
 Windows 11 , 64 bit Build 26100 (10.0.26100.3624)
OS uptime: 2 days 17:06 hours
Hyper-V role detected

CPU: total 12 (initial active 12) (12 cores per cpu, 2 threads per core) family 23 model 104 stepping 1 microcode 0x8608103, cx8, cmov, fxsr, ht, mmx, 3dnowpref, sse, sse2, sse3, ssse3, sse4a, sse4.1, sse4.2, popcnt, lzcnt, tsc, tscinvbit, avx, avx2, aes, clmul, bmi1, bmi2, adx, sha, fma, vzeroupper, clflush, clflushopt, hv, rdtscp, rdpid, f16c
Processor Information for processor 0
  Max Mhz: 2100, Current Mhz: 2100, Mhz Limit: 2100
Processor Information for processor 1
  Max Mhz: 2100, Current Mhz: 2100, Mhz Limit: 2100
Processor Information for processor 2
  Max Mhz: 2100, Current Mhz: 2100, Mhz Limit: 2100
Processor Information for processor 3
  Max Mhz: 2100, Current Mhz: 1813, Mhz Limit: 2100
Processor Information for processor 4
  Max Mhz: 2100, Current Mhz: 1813, Mhz Limit: 2100
Processor Information for processor 5
  Max Mhz: 2100, Current Mhz: 2100, Mhz Limit: 2100
Processor Information for processor 6
  Max Mhz: 2100, Current Mhz: 1813, Mhz Limit: 2100
Processor Information for processor 7
  Max Mhz: 2100, Current Mhz: 1813, Mhz Limit: 2100
Processor Information for processor 8
  Max Mhz: 2100, Current Mhz: 1813, Mhz Limit: 2100
Processor Information for processor 9
  Max Mhz: 2100, Current Mhz: 1813, Mhz Limit: 2100
Processor Information for processor 10
  Max Mhz: 2100, Current Mhz: 1813, Mhz Limit: 2100
Processor Information for processor 11
  Max Mhz: 2100, Current Mhz: 1813, Mhz Limit: 2100

Memory: 4k page, system-wide physical 15706M (1631M free)
TotalPageFile size 31066M (AvailPageFile size 72M)
current process WorkingSet (physical memory assigned to process): 12M, peak: 12M
current process commit charge ("private bytes"): 64M, peak: 310M

vm_info: OpenJDK 64-Bit Server VM (21.0.5+-12932927-b750.29) for windows-amd64 JRE (21.0.5+-12932927-b750.29), built on 2025-01-17T02:01:10Z by "builder" with MS VC++ 16.10 / 16.11 (VS2019)

END.
